// Vitest Snapshot v1, https://vitest.dev/guide/snapshot.html

exports[`Register > Debería hacer match con el snapshot 1`] = `
<div>
  <div
    class="wrapper"
  >
    <section>
      <div
        class="register-container"
      >
        <h2>
          Registrarse
        </h2>
        <form>
          <div
            class="form-group"
          >
            <input
              class=""
              id="nombre"
              name="nombre"
              placeholder="Nombre"
              type="text"
              value=""
            />
          </div>
          <div
            class="form-group"
          >
            <input
              class=""
              id="apellidos"
              name="apellidos"
              placeholder="Apellidos"
              type="text"
              value=""
            />
          </div>
          <div
            class="form-group"
          >
            <input
              class=""
              id="email"
              name="email"
              placeholder="Correo Electrónico"
              type="email"
              value=""
            />
          </div>
          <div
            class="form-group password-group"
          >
            <input
              class=""
              id="password"
              maxlength="10"
              minlength="4"
              name="password"
              placeholder="Contraseña (entre 4 y 10 caracteres)"
              type="password"
              value=""
            />
            <i
              class="bi bi-eye-slash"
            />
          </div>
          <div
            class="form-group password-group"
          >
            <input
              class=""
              id="confirmPassword"
              maxlength="10"
              minlength="4"
              name="confirmPassword"
              placeholder="Confirmar Contraseña"
              type="password"
              value=""
            />
            <i
              class="bi bi-eye-slash"
            />
          </div>
          <div
            class="form-group"
          >
            <input
              class=""
              id="telefono"
              name="telefono"
              placeholder="Teléfono (opcional)"
              type="tel"
              value=""
            />
          </div>
          <div
            class="form-group"
          >
            <input
              class=""
              id="fechaNacimiento"
              name="fechaNacimiento"
              type="date"
              value=""
            />
          </div>
          <div
            class="form-group"
          >
            <select
              class=""
              id="region"
              name="region"
            >
              <option
                value=""
              >
                Selecciona una región
              </option>
              <option
                value="Región Metropolitana"
              >
                Región Metropolitana
              </option>
              <option
                value="Valparaíso"
              >
                Valparaíso
              </option>
              <option
                value="Biobío"
              >
                Biobío
              </option>
              <option
                value="Coquimbo"
              >
                Coquimbo
              </option>
              <option
                value="Antofagasta"
              >
                Antofagasta
              </option>
              <option
                value="Tarapacá"
              >
                Tarapacá
              </option>
              <option
                value="Arica y Parinacota"
              >
                Arica y Parinacota
              </option>
            </select>
          </div>
          <div
            class="form-group"
          >
            <select
              class=""
              disabled=""
              id="comuna"
              name="comuna"
            >
              <option
                value=""
              >
                Primero selecciona una región
              </option>
            </select>
          </div>
          <div
            class="form-group"
          >
            <input
              id="direccion"
              name="direccion"
              placeholder="Dirección (opcional)"
              type="text"
              value=""
            />
          </div>
          <div
            class="form-group"
          >
            <input
              class=""
              id="codigoReferido"
              name="codigoReferido"
              placeholder="Código de referido (opcional)"
              type="text"
              value=""
            />
          </div>
          <div
            class="form-group checkbox-group"
          >
            <input
              class=""
              id="terminos"
              name="terminos"
              type="checkbox"
            />
            <label
              for="terminos"
            >
              Acepto los
               
              <a
                href="/terminos"
                target="_blank"
              >
                términos y condiciones
              </a>
            </label>
          </div>
          <button
            class="btn-register "
            type="submit"
          >
            Registrarse
          </button>
        </form>
        <p
          class="login-link"
        >
          ¿Ya tienes una cuenta? 
          <a
            data-discover="true"
            href="/login"
          >
            Inicia sesión aquí
          </a>
        </p>
      </div>
    </section>
  </div>
</div>
`;
